
Discarded input sections

 .data          0x0000000000000000        0x0 build/crt0.o
 .bss           0x0000000000000000        0x0 build/crt0.o
 .ARM.attributes
                0x0000000000000000       0x1c build/crt0.o
 .data          0x0000000000000000        0x0 build/main.o
 .bss           0x0000000000000000        0x0 build/main.o
 .comment       0x0000000000000000       0x24 build/main.o
 .ARM.attributes
                0x0000000000000000       0x2c build/main.o
 .data          0x0000000000000000        0x0 build/asm.o
 .bss           0x0000000000000000        0x0 build/asm.o
 .ARM.attributes
                0x0000000000000000       0x1c build/asm.o

Memory Configuration

Name             Origin             Length             Attributes
*default*        0x0000000000000000 0xffffffffffffffff

Linker script and memory map


.text           0x00000000101312d0       0xa4
                0x00000000101312d0                _text_start = .
 build/crt0.o(.init)
 .init          0x00000000101312d0        0x4 build/crt0.o
 *(.text*)
 .text          0x00000000101312d4        0x0 build/crt0.o
 .text          0x00000000101312d4       0x64 build/main.o
                0x00000000101312d4                _main
 *fill*         0x0000000010131338        0x8 
 .text          0x0000000010131340       0x34 build/asm.o
                0x0000000010131340                GetControlRegister
                0x0000000010131348                SetControlRegister
                0x0000000010131350                ClearEntireDCache
                0x0000000010131364                GetCPSR
                0x000000001013136c                SetCPSR
 *(.rodata*)
                0x0000000010131374                _text_end = .

/DISCARD/
 *(*)
LOAD build/main.o
LOAD build/asm.o
LOAD libs\libgcc.a
OUTPUT(arm_user.elf elf32-bigarm)
LOAD linker stubs
LOAD build/crt0.o
