
Memory Configuration

Name             Origin             Length             Attributes
RAMX             0x00000000101312d0 0x000000000000bf00 xr
*default*        0x0000000000000000 0xffffffffffffffff

Linker script and memory map


.text           0x00000000101312d0       0xa4
 build/crt0.o(.init)
 .init          0x00000000101312d0       0x14 build/crt0.o
                0x00000000101312d4                IOS_DCFlushAllCache
 *(.text)
 .text          0x00000000101312e4        0x0 build/crt0.o
 .text          0x00000000101312e4       0x5c build/main.o
                0x00000000101312e4                _main
 .text          0x0000000010131340       0x34 build/utils.o
                0x0000000010131340                m_memcpy
                0x000000001013135c                m_memset

.glue_7         0x0000000010131374        0x0
 .glue_7        0x0000000010131374        0x0 linker stubs

.glue_7t        0x0000000010131374        0x0
 .glue_7t       0x0000000010131374        0x0 linker stubs

.vfp11_veneer   0x0000000010131374        0x0
 .vfp11_veneer  0x0000000010131374        0x0 linker stubs

.v4_bx          0x0000000010131374        0x0
 .v4_bx         0x0000000010131374        0x0 linker stubs

.iplt           0x0000000010131374        0x0
 .iplt          0x0000000010131374        0x0 build/crt0.o

.rel.dyn        0x0000000010131374        0x0
 .rel.iplt      0x0000000010131374        0x0 build/crt0.o

.rodata
 *(.rodata*)
LOAD build/main.o
LOAD build/utils.o
OUTPUT(arm_user.elf elf32-bigarm)

.bss            0x0000000000000000        0x0
 .bss           0x0000000000000000        0x0 build/crt0.o
 .bss           0x0000000000000000        0x0 build/main.o
 .bss           0x0000000000000000        0x0 build/utils.o

.data           0x0000000000000000        0x0
 .data          0x0000000000000000        0x0 build/crt0.o
 .data          0x0000000000000000        0x0 build/main.o
 .data          0x0000000000000000        0x0 build/utils.o

.igot.plt       0x0000000000000000        0x0
 .igot.plt      0x0000000000000000        0x0 build/crt0.o

.ARM.attributes
                0x0000000000000000       0x23
 .ARM.attributes
                0x0000000000000000       0x17 build/crt0.o
 .ARM.attributes
                0x0000000000000017       0x27 build/main.o
 .ARM.attributes
                0x000000000000003e       0x27 build/utils.o

.comment        0x0000000000000000       0x22
 .comment       0x0000000000000000       0x22 build/main.o
                                         0x23 (size before relaxing)
 .comment       0x0000000000000022       0x23 build/utils.o
