
Memory Configuration

Name             Origin             Length             Attributes
RAMX             0x0000000008135000 0x000000000000b000 xr
*default*        0x0000000000000000 0xffffffffffffffff

Linker script and memory map


.text           0x0000000008135000      0x224
 build/crt0.o(.init)
 .init          0x0000000008135000        0x4 build/crt0.o
 *(.text)
 .text          0x0000000008135004        0x0 build/crt0.o
 .text          0x0000000008135004      0x1ec build/main.o
                0x0000000008135004                strlen_
                0x0000000008135024                memcpy_
                0x0000000008135040                _main
 .text          0x00000000081351f0       0x34 build/asm.o
                0x00000000081351f0                GetControlRegister
                0x00000000081351f8                SetControlRegister
                0x0000000008135200                ClearEntireDCache
                0x0000000008135214                GetCPSR
                0x000000000813521c                SetCPSR

.glue_7         0x0000000008135224        0x0
 .glue_7        0x0000000008135224        0x0 linker stubs

.glue_7t        0x0000000008135224        0x0
 .glue_7t       0x0000000008135224        0x0 linker stubs

.vfp11_veneer   0x0000000008135224        0x0
 .vfp11_veneer  0x0000000008135224        0x0 linker stubs

.v4_bx          0x0000000008135224        0x0
 .v4_bx         0x0000000008135224        0x0 linker stubs

.iplt           0x0000000008135224        0x0
 .iplt          0x0000000008135224        0x0 build/crt0.o

.rodata         0x0000000008135224      0x8d4
 *(.rodata*)
 .rodata        0x0000000008135224      0x8d4 build/main.o
LOAD build/main.o
LOAD build/asm.o
LOAD libs\libgcc.a
OUTPUT(arm_kernel.elf elf32-bigarm)
LOAD linker stubs
LOAD build/crt0.o

.rel.dyn        0x0000000008135af8        0x0
 .rel.iplt      0x0000000008135af8        0x0 build/crt0.o

.data           0x0000000000000000        0x0
 .data          0x0000000000000000        0x0 build/crt0.o
 .data          0x0000000000000000        0x0 build/main.o
 .data          0x0000000000000000        0x0 build/asm.o

.igot.plt       0x0000000000000000        0x0
 .igot.plt      0x0000000000000000        0x0 build/crt0.o

.bss            0x0000000000000000        0x0
 .bss           0x0000000000000000        0x0 build/crt0.o
 .bss           0x0000000000000000        0x0 build/main.o
 .bss           0x0000000000000000        0x0 build/asm.o

.ARM.attributes
                0x0000000000000000       0x28
 .ARM.attributes
                0x0000000000000000       0x1c build/crt0.o
 .ARM.attributes
                0x000000000000001c       0x2c build/main.o
 .ARM.attributes
                0x0000000000000048       0x1c build/asm.o

.comment        0x0000000000000000       0x23
 .comment       0x0000000000000000       0x23 build/main.o
                                         0x24 (size before relaxing)
